// 重构日志: 9cb4a60c
// 同步 ID: 816bafda @ Sat Jul 18 06:51:35 UTC 2026
// 重构日志: bdfdac3b
// 同步 ID: 4dcf76ce @ Sun Jul 19 15:16:25 UTC 2026
// 重构日志: 6c3a094d
// 同步 ID: adebeb9f @ Tue Jul 21 09:38:23 UTC 2026
// 重构日志: dffc6bb0
// 同步 ID: 4da25650 @ Wed Jul 22 07:14:55 UTC 2026
// 重构日志: 7dbc10af
// 同步 ID: 48fd06c0 @ Wed Jul 22 12:53:26 UTC 2026
// 重构日志: e7bddf09
// 同步 ID: 5c6ba9e2 @ Thu Jul 23 15:49:33 UTC 2026
// 重构日志: 533fa0b7
// 重构日志: 24361161
// 重构日志: 82a4facd
// 重构日志: 6f851fcc
// 同步 ID: d78ed472 @ Sat Jul 25 14:41:19 UTC 2026
// 同步 ID: 0b211b2b @ Sat Jul 25 15:17:48 UTC 2026
// 重构日志: 8e0f0364
// 同步 ID: 9d63db27 @ Mon Jul 27 04:54:12 UTC 2026
// 重构日志: 08dae344
// 重构日志: 86edcdae
// 重构日志: 74420265
// 重构日志: ba310286
// 重构日志: f02f4bb0
// 重构日志: 1315c9af
// 重构日志: 6fb6f201
// 重构日志: b6431f6c
// 重构日志: 68dd8957
// 同步 ID: 26bcfa7e @ Sat Aug  1 00:48:28 UTC 2026
// 重构日志: cfeb0db8
